\BOOKMARK [0][-]{chapter.1}{\376\377\0001\000\040\004\024\004\065\004\100\004\065\004\062\004\076\000\040\004\064\004\070\004\100\004\065\004\072\004\102\004\076\004\100\004\070\004\071}{}% 1
\BOOKMARK [1][-]{section.1.1}{\376\377\0001\000.\0001\000\040\004\020\004\073\004\104\004\060\004\062\004\070\004\102\004\075\004\113\004\071\000\040\004\103\004\072\004\060\004\067\004\060\004\102\004\065\004\073\004\114\000\040\004\064\004\070\004\100\004\065\004\072\004\102\004\076\004\100\004\070\004\071}{chapter.1}% 2
\BOOKMARK [0][-]{chapter.2}{\376\377\0002\000\040\004\020\004\073\004\104\004\060\004\062\004\070\004\102\004\075\004\113\004\071\000\040\004\103\004\072\004\060\004\067\004\060\004\102\004\065\004\073\004\114\000\040\004\101\004\102\004\100\004\103\004\072\004\102\004\103\004\100\000\040\004\064\004\060\004\075\004\075\004\113\004\105}{}% 3
\BOOKMARK [1][-]{section.2.1}{\376\377\0002\000.\0001\000\040\004\041\004\102\004\100\004\103\004\072\004\102\004\103\004\100\004\113\000\040\004\064\004\060\004\075\004\075\004\113\004\105}{chapter.2}% 4
\BOOKMARK [0][-]{chapter.3}{\376\377\0003\000\040\004\041\004\077\004\070\004\101\004\076\004\072\000\040\004\104\004\060\004\071\004\073\004\076\004\062}{}% 5
\BOOKMARK [1][-]{section.3.1}{\376\377\0003\000.\0001\000\040\004\044\004\060\004\071\004\073\004\113}{chapter.3}% 6
\BOOKMARK [0][-]{chapter.4}{\376\377\0004\000\040\004\024\004\070\004\100\004\065\004\072\004\102\004\076\004\100\004\070\004\070}{}% 7
\BOOKMARK [1][-]{section.4.1}{\376\377\0004\000.\0001\000\040\004\041\004\076\004\064\004\065\004\100\004\066\004\060\004\075\004\070\004\065\000\040\004\064\004\070\004\100\004\065\004\072\004\102\004\076\004\100\004\070\004\070\000\040\000C\000o\000r\000e}{chapter.4}% 8
\BOOKMARK [1][-]{section.4.2}{\376\377\0004\000.\0002\000\040\004\041\004\076\004\064\004\065\004\100\004\066\004\060\004\075\004\070\004\065\000\040\004\064\004\070\004\100\004\065\004\072\004\102\004\076\004\100\004\070\004\070\000\040\000C\000o\000r\000e\000/\000I\000n\000c}{chapter.4}% 9
\BOOKMARK [1][-]{section.4.3}{\376\377\0004\000.\0003\000\040\004\041\004\076\004\064\004\065\004\100\004\066\004\060\004\075\004\070\004\065\000\040\004\064\004\070\004\100\004\065\004\072\004\102\004\076\004\100\004\070\004\070\000\040\000C\000o\000r\000e\000/\000S\000r\000c}{chapter.4}% 10
\BOOKMARK [0][-]{chapter.5}{\376\377\0005\000\040\004\041\004\102\004\100\004\103\004\072\004\102\004\103\004\100\004\113\000\040\004\064\004\060\004\075\004\075\004\113\004\105}{}% 11
\BOOKMARK [1][-]{section.5.1}{\376\377\0005\000.\0001\000\040\004\041\004\102\004\100\004\103\004\072\004\102\004\103\004\100\004\060\000\040\000L\000e\000d}{chapter.5}% 12
\BOOKMARK [2][-]{subsection.5.1.1}{\376\377\0005\000.\0001\000.\0001\000\040\004\037\004\076\004\073\004\117}{section.5.1}% 13
\BOOKMARK [3][-]{subsubsection.5.1.1.1}{\376\377\0005\000.\0001\000.\0001\000.\0001\000\040\000c\000u\000r\000r\000e\000n\000t\000\137\000b\000t\000n\000\137\000h\000o\000l\000d\000\137\0002\000s}{subsection.5.1.1}% 14
\BOOKMARK [3][-]{subsubsection.5.1.1.2}{\376\377\0005\000.\0001\000.\0001\000.\0002\000\040\000d\000e\000l\000a\000y\000\137\000t\000i\000m\000e\000\137\000m\000s}{subsection.5.1.1}% 15
\BOOKMARK [3][-]{subsubsection.5.1.1.3}{\376\377\0005\000.\0001\000.\0001\000.\0003\000\040\000l\000e\000d\000\137\000s\000t\000a\000t\000e}{subsection.5.1.1}% 16
\BOOKMARK [3][-]{subsubsection.5.1.1.4}{\376\377\0005\000.\0001\000.\0001\000.\0004\000\040\000n\000u\000m\000b\000e\000r}{subsection.5.1.1}% 17
\BOOKMARK [3][-]{subsubsection.5.1.1.5}{\376\377\0005\000.\0001\000.\0001\000.\0005\000\040\000t\000o\000g\000g\000l\000e\000\137\000t\000i\000m\000e\000\137\000m\000s}{subsection.5.1.1}% 18
\BOOKMARK [0][-]{chapter.6}{\376\377\0006\000\040\004\044\004\060\004\071\004\073\004\113}{}% 19
\BOOKMARK [1][-]{section.6.1}{\376\377\0006\000.\0001\000\040\004\044\004\060\004\071\004\073\000\040\000C\000o\000r\000e\000/\000I\000n\000c\000/\000i\000n\000i\000t\000.\000h}{chapter.6}% 20
\BOOKMARK [2][-]{subsection.6.1.1}{\376\377\0006\000.\0001\000.\0001\000\040\004\034\004\060\004\072\004\100\004\076\004\101\004\113}{section.6.1}% 21
\BOOKMARK [3][-]{subsubsection.6.1.1.1}{\376\377\0006\000.\0001\000.\0001\000.\0001\000\040\000F\000R\000E\000Q\000U\000E\000N\000C\000Y\0001}{subsection.6.1.1}% 22
\BOOKMARK [3][-]{subsubsection.6.1.1.2}{\376\377\0006\000.\0001\000.\0001\000.\0002\000\040\000F\000R\000E\000Q\000U\000E\000N\000C\000Y\0002}{subsection.6.1.1}% 23
\BOOKMARK [3][-]{subsubsection.6.1.1.3}{\376\377\0006\000.\0001\000.\0001\000.\0003\000\040\000F\000R\000E\000Q\000U\000E\000N\000C\000Y\0003}{subsection.6.1.1}% 24
\BOOKMARK [2][-]{subsection.6.1.2}{\376\377\0006\000.\0001\000.\0002\000\040\004\044\004\103\004\075\004\072\004\106\004\070\004\070}{section.6.1}% 25
\BOOKMARK [3][-]{subsubsection.6.1.2.1}{\376\377\0006\000.\0001\000.\0002\000.\0001\000\040\000G\000P\000I\000O\000\137\000I\000n\000i\000t\000\050\000\051}{subsection.6.1.2}% 26
\BOOKMARK [3][-]{subsubsection.6.1.2.2}{\376\377\0006\000.\0001\000.\0002\000.\0002\000\040\000I\000T\000R\000\137\000I\000n\000i\000t\000\050\000\051}{subsection.6.1.2}% 27
\BOOKMARK [3][-]{subsubsection.6.1.2.3}{\376\377\0006\000.\0001\000.\0002\000.\0003\000\040\000L\000e\000d\000\137\000f\000l\000i\000c\000k\000e\000r\000\050\000\051}{subsection.6.1.2}% 28
\BOOKMARK [3][-]{subsubsection.6.1.2.4}{\376\377\0006\000.\0001\000.\0002\000.\0004\000\040\000L\000e\000d\000\137\000i\000n\000i\000t\000\050\000\051}{subsection.6.1.2}% 29
\BOOKMARK [3][-]{subsubsection.6.1.2.5}{\376\377\0006\000.\0001\000.\0002\000.\0005\000\040\000L\000e\000d\000\137\000o\000f\000f\000\050\000\051}{subsection.6.1.2}% 30
\BOOKMARK [3][-]{subsubsection.6.1.2.6}{\376\377\0006\000.\0001\000.\0002\000.\0006\000\040\000L\000e\000d\000\137\000o\000n\000\050\000\051}{subsection.6.1.2}% 31
\BOOKMARK [3][-]{subsubsection.6.1.2.7}{\376\377\0006\000.\0001\000.\0002\000.\0007\000\040\000L\000e\000d\000\137\000s\000e\000t\000\137\000d\000e\000l\000a\000y\000\137\000t\000i\000m\000e\000\137\000m\000s\000\050\000\051}{subsection.6.1.2}% 32
\BOOKMARK [3][-]{subsubsection.6.1.2.8}{\376\377\0006\000.\0001\000.\0002\000.\0008\000\040\000R\000C\000C\000\137\000I\000n\000i\000t\000\050\000\051}{subsection.6.1.2}% 33
\BOOKMARK [3][-]{subsubsection.6.1.2.9}{\376\377\0006\000.\0001\000.\0002\000.\0009\000\040\000S\000y\000s\000T\000i\000c\000k\000\137\000I\000n\000i\000t\000\050\000\051}{subsection.6.1.2}% 34
\BOOKMARK [1][-]{section.6.2}{\376\377\0006\000.\0002\000\040\000i\000n\000i\000t\000.\000h}{chapter.6}% 35
\BOOKMARK [1][-]{section.6.3}{\376\377\0006\000.\0003\000\040\004\044\004\060\004\071\004\073\000\040\000C\000o\000r\000e\000/\000I\000n\000c\000/\000i\000t\000\137\000h\000a\000n\000d\000l\000e\000r\000s\000.\000h}{chapter.6}% 36
\BOOKMARK [2][-]{subsection.6.3.1}{\376\377\0006\000.\0003\000.\0001\000\040\004\044\004\103\004\075\004\072\004\106\004\070\004\070}{section.6.3}% 37
\BOOKMARK [3][-]{subsubsection.6.3.1.1}{\376\377\0006\000.\0003\000.\0001\000.\0001\000\040\000E\000X\000T\000I\0001\0005\000\137\0001\0000\000\137\000I\000R\000Q\000H\000a\000n\000d\000l\000e\000r\000\050\000\051}{subsection.6.3.1}% 38
\BOOKMARK [3][-]{subsubsection.6.3.1.2}{\376\377\0006\000.\0003\000.\0001\000.\0002\000\040\000S\000y\000s\000T\000i\000c\000k\000\137\000H\000a\000n\000d\000l\000e\000r\000\050\000\051}{subsection.6.3.1}% 39
\BOOKMARK [2][-]{subsection.6.3.2}{\376\377\0006\000.\0003\000.\0002\000\040\004\037\004\065\004\100\004\065\004\074\004\065\004\075\004\075\004\113\004\065}{section.6.3}% 40
\BOOKMARK [3][-]{subsubsection.6.3.2.1}{\376\377\0006\000.\0003\000.\0002\000.\0001\000\040\000b\000t\000n\000\137\000c\000o\000u\000n\000t}{subsection.6.3.2}% 41
\BOOKMARK [3][-]{subsubsection.6.3.2.2}{\376\377\0006\000.\0003\000.\0002\000.\0002\000\040\000b\000t\000n\000\137\000h\000o\000l\000d\000\137\0004\000s}{subsection.6.3.2}% 42
\BOOKMARK [1][-]{section.6.4}{\376\377\0006\000.\0004\000\040\000i\000t\000\137\000h\000a\000n\000d\000l\000e\000r\000s\000.\000h}{chapter.6}% 43
\BOOKMARK [1][-]{section.6.5}{\376\377\0006\000.\0005\000\040\004\044\004\060\004\071\004\073\000\040\000C\000o\000r\000e\000/\000I\000n\000c\000/\000m\000a\000i\000n\000.\000h}{chapter.6}% 44
\BOOKMARK [1][-]{section.6.6}{\376\377\0006\000.\0006\000\040\000m\000a\000i\000n\000.\000h}{chapter.6}% 45
\BOOKMARK [1][-]{section.6.7}{\376\377\0006\000.\0007\000\040\004\044\004\060\004\071\004\073\000\040\000C\000o\000r\000e\000/\000S\000r\000c\000/\000i\000n\000i\000t\000.\000c}{chapter.6}% 46
\BOOKMARK [2][-]{subsection.6.7.1}{\376\377\0006\000.\0007\000.\0001\000\040\004\044\004\103\004\075\004\072\004\106\004\070\004\070}{section.6.7}% 47
\BOOKMARK [3][-]{subsubsection.6.7.1.1}{\376\377\0006\000.\0007\000.\0001\000.\0001\000\040\000G\000P\000I\000O\000\137\000I\000n\000i\000t\000\050\000\051}{subsection.6.7.1}% 48
\BOOKMARK [3][-]{subsubsection.6.7.1.2}{\376\377\0006\000.\0007\000.\0001\000.\0002\000\040\000I\000T\000R\000\137\000I\000n\000i\000t\000\050\000\051}{subsection.6.7.1}% 49
\BOOKMARK [3][-]{subsubsection.6.7.1.3}{\376\377\0006\000.\0007\000.\0001\000.\0003\000\040\000L\000e\000d\000\137\000f\000l\000i\000c\000k\000e\000r\000\050\000\051}{subsection.6.7.1}% 50
\BOOKMARK [3][-]{subsubsection.6.7.1.4}{\376\377\0006\000.\0007\000.\0001\000.\0004\000\040\000L\000e\000d\000\137\000i\000n\000i\000t\000\050\000\051}{subsection.6.7.1}% 51
\BOOKMARK [3][-]{subsubsection.6.7.1.5}{\376\377\0006\000.\0007\000.\0001\000.\0005\000\040\000L\000e\000d\000\137\000o\000f\000f\000\050\000\051}{subsection.6.7.1}% 52
\BOOKMARK [3][-]{subsubsection.6.7.1.6}{\376\377\0006\000.\0007\000.\0001\000.\0006\000\040\000L\000e\000d\000\137\000o\000n\000\050\000\051}{subsection.6.7.1}% 53
\BOOKMARK [3][-]{subsubsection.6.7.1.7}{\376\377\0006\000.\0007\000.\0001\000.\0007\000\040\000L\000e\000d\000\137\000s\000e\000t\000\137\000d\000e\000l\000a\000y\000\137\000t\000i\000m\000e\000\137\000m\000s\000\050\000\051}{subsection.6.7.1}% 54
\BOOKMARK [3][-]{subsubsection.6.7.1.8}{\376\377\0006\000.\0007\000.\0001\000.\0008\000\040\000R\000C\000C\000\137\000I\000n\000i\000t\000\050\000\051}{subsection.6.7.1}% 55
\BOOKMARK [3][-]{subsubsection.6.7.1.9}{\376\377\0006\000.\0007\000.\0001\000.\0009\000\040\000S\000y\000s\000T\000i\000c\000k\000\137\000I\000n\000i\000t\000\050\000\051}{subsection.6.7.1}% 56
\BOOKMARK [2][-]{subsection.6.7.2}{\376\377\0006\000.\0007\000.\0002\000\040\004\037\004\065\004\100\004\065\004\074\004\065\004\075\004\075\004\113\004\065}{section.6.7}% 57
\BOOKMARK [3][-]{subsubsection.6.7.2.1}{\376\377\0006\000.\0007\000.\0002\000.\0001\000\040\000b\000t\000n\000\137\000c\000o\000u\000n\000t}{subsection.6.7.2}% 58
\BOOKMARK [3][-]{subsubsection.6.7.2.2}{\376\377\0006\000.\0007\000.\0002\000.\0002\000\040\000b\000t\000n\000\137\000h\000o\000l\000d\000\137\0002\000s}{subsection.6.7.2}% 59
\BOOKMARK [3][-]{subsubsection.6.7.2.3}{\376\377\0006\000.\0007\000.\0002\000.\0003\000\040\000b\000t\000n\000\137\000h\000o\000l\000d\000\137\0004\000s}{subsection.6.7.2}% 60
\BOOKMARK [3][-]{subsubsection.6.7.2.4}{\376\377\0006\000.\0007\000.\0002\000.\0004\000\040\000G\000l\000o\000b\000a\000l\000T\000i\000c\000k\000C\000o\000u\000n\000t}{subsection.6.7.2}% 61
\BOOKMARK [1][-]{section.6.8}{\376\377\0006\000.\0008\000\040\004\044\004\060\004\071\004\073\000\040\000C\000o\000r\000e\000/\000S\000r\000c\000/\000i\000t\000\137\000h\000a\000n\000d\000l\000e\000r\000s\000.\000c}{chapter.6}% 62
\BOOKMARK [2][-]{subsection.6.8.1}{\376\377\0006\000.\0008\000.\0001\000\040\004\034\004\060\004\072\004\100\004\076\004\101\004\113}{section.6.8}% 63
\BOOKMARK [3][-]{subsubsection.6.8.1.1}{\376\377\0006\000.\0008\000.\0001\000.\0001\000\040\000d\000e\000l\000a\000y\000T\000i\000m\000e\000\137\000M\000S}{subsection.6.8.1}% 64
\BOOKMARK [3][-]{subsubsection.6.8.1.2}{\376\377\0006\000.\0008\000.\0001\000.\0002\000\040\000L\000e\000d\000\137\000C\000o\000u\000n\000t}{subsection.6.8.1}% 65
\BOOKMARK [3][-]{subsubsection.6.8.1.3}{\376\377\0006\000.\0008\000.\0001\000.\0003\000\040\000l\000o\000n\000g\000H\000o\000l\000d\000T\000i\000m\000e\000\137\000M\000S}{subsection.6.8.1}% 66
\BOOKMARK [3][-]{subsubsection.6.8.1.4}{\376\377\0006\000.\0008\000.\0001\000.\0004\000\040\000s\000h\000o\000r\000t\000H\000o\000l\000d\000T\000i\000m\000e\000\137\000M\000S}{subsection.6.8.1}% 67
\BOOKMARK [2][-]{subsection.6.8.2}{\376\377\0006\000.\0008\000.\0002\000\040\004\044\004\103\004\075\004\072\004\106\004\070\004\070}{section.6.8}% 68
\BOOKMARK [3][-]{subsubsection.6.8.2.1}{\376\377\0006\000.\0008\000.\0002\000.\0001\000\040\000E\000X\000T\000I\0001\0005\000\137\0001\0000\000\137\000I\000R\000Q\000H\000a\000n\000d\000l\000e\000r\000\050\000\051}{subsection.6.8.2}% 69
\BOOKMARK [3][-]{subsubsection.6.8.2.2}{\376\377\0006\000.\0008\000.\0002\000.\0002\000\040\000S\000y\000s\000T\000i\000c\000k\000\137\000H\000a\000n\000d\000l\000e\000r\000\050\000\051}{subsection.6.8.2}% 70
\BOOKMARK [2][-]{subsection.6.8.3}{\376\377\0006\000.\0008\000.\0003\000\040\004\037\004\065\004\100\004\065\004\074\004\065\004\075\004\075\004\113\004\065}{section.6.8}% 71
\BOOKMARK [3][-]{subsubsection.6.8.3.1}{\376\377\0006\000.\0008\000.\0003\000.\0001\000\040\000b\000t\000n\000\137\000c\000o\000u\000n\000t}{subsection.6.8.3}% 72
\BOOKMARK [3][-]{subsubsection.6.8.3.2}{\376\377\0006\000.\0008\000.\0003\000.\0002\000\040\000b\000t\000n\000\137\000h\000o\000l\000d\000\137\0002\000s}{subsection.6.8.3}% 73
\BOOKMARK [3][-]{subsubsection.6.8.3.3}{\376\377\0006\000.\0008\000.\0003\000.\0003\000\040\000b\000t\000n\000\137\000h\000o\000l\000d\000\137\0004\000s}{subsection.6.8.3}% 74
\BOOKMARK [3][-]{subsubsection.6.8.3.4}{\376\377\0006\000.\0008\000.\0003\000.\0004\000\040\000b\000u\000t\000t\000o\000n\000\137\000p\000r\000e\000s\000s\000e\000d}{subsection.6.8.3}% 75
\BOOKMARK [3][-]{subsubsection.6.8.3.5}{\376\377\0006\000.\0008\000.\0003\000.\0005\000\040\000G\000l\000o\000b\000a\000l\000T\000i\000c\000k\000C\000o\000u\000n\000t}{subsection.6.8.3}% 76
\BOOKMARK [3][-]{subsubsection.6.8.3.6}{\376\377\0006\000.\0008\000.\0003\000.\0006\000\040\000l\000e\000d\0001}{subsection.6.8.3}% 77
\BOOKMARK [3][-]{subsubsection.6.8.3.7}{\376\377\0006\000.\0008\000.\0003\000.\0007\000\040\000l\000e\000d\0002}{subsection.6.8.3}% 78
\BOOKMARK [3][-]{subsubsection.6.8.3.8}{\376\377\0006\000.\0008\000.\0003\000.\0008\000\040\000l\000e\000d\0003}{subsection.6.8.3}% 79
\BOOKMARK [3][-]{subsubsection.6.8.3.9}{\376\377\0006\000.\0008\000.\0003\000.\0009\000\040\000l\000e\000d\0004}{subsection.6.8.3}% 80
\BOOKMARK [3][-]{subsubsection.6.8.3.10}{\376\377\0006\000.\0008\000.\0003\000.\0001\0000\000\040\000l\000e\000d\0005}{subsection.6.8.3}% 81
\BOOKMARK [3][-]{subsubsection.6.8.3.11}{\376\377\0006\000.\0008\000.\0003\000.\0001\0001\000\040\000l\000e\000d\0006}{subsection.6.8.3}% 82
\BOOKMARK [1][-]{section.6.9}{\376\377\0006\000.\0009\000\040\004\044\004\060\004\071\004\073\000\040\000C\000o\000r\000e\000/\000S\000r\000c\000/\000m\000a\000i\000n\000.\000c}{chapter.6}% 83
\BOOKMARK [2][-]{subsection.6.9.1}{\376\377\0006\000.\0009\000.\0001\000\040\004\034\004\060\004\072\004\100\004\076\004\101\004\113}{section.6.9}% 84
\BOOKMARK [3][-]{subsubsection.6.9.1.1}{\376\377\0006\000.\0009\000.\0001\000.\0001\000\040\000L\000e\000d\000\137\000C\000o\000u\000n\000t}{subsection.6.9.1}% 85
\BOOKMARK [2][-]{subsection.6.9.2}{\376\377\0006\000.\0009\000.\0002\000\040\004\044\004\103\004\075\004\072\004\106\004\070\004\070}{section.6.9}% 86
\BOOKMARK [3][-]{subsubsection.6.9.2.1}{\376\377\0006\000.\0009\000.\0002\000.\0001\000\040\000m\000a\000i\000n\000\050\000\051}{subsection.6.9.2}% 87
\BOOKMARK [2][-]{subsection.6.9.3}{\376\377\0006\000.\0009\000.\0003\000\040\004\037\004\065\004\100\004\065\004\074\004\065\004\075\004\075\004\113\004\065}{section.6.9}% 88
\BOOKMARK [3][-]{subsubsection.6.9.3.1}{\376\377\0006\000.\0009\000.\0003\000.\0001\000\040\000b\000t\000n\000\137\000c\000o\000u\000n\000t}{subsection.6.9.3}% 89
\BOOKMARK [3][-]{subsubsection.6.9.3.2}{\376\377\0006\000.\0009\000.\0003\000.\0002\000\040\000b\000t\000n\000\137\000h\000o\000l\000d\000\137\0004\000s}{subsection.6.9.3}% 90
\BOOKMARK [3][-]{subsubsection.6.9.3.3}{\376\377\0006\000.\0009\000.\0003\000.\0003\000\040\000l\000e\000d\0001}{subsection.6.9.3}% 91
\BOOKMARK [3][-]{subsubsection.6.9.3.4}{\376\377\0006\000.\0009\000.\0003\000.\0004\000\040\000l\000e\000d\0002}{subsection.6.9.3}% 92
\BOOKMARK [3][-]{subsubsection.6.9.3.5}{\376\377\0006\000.\0009\000.\0003\000.\0005\000\040\000l\000e\000d\0003}{subsection.6.9.3}% 93
\BOOKMARK [3][-]{subsubsection.6.9.3.6}{\376\377\0006\000.\0009\000.\0003\000.\0006\000\040\000l\000e\000d\0004}{subsection.6.9.3}% 94
\BOOKMARK [3][-]{subsubsection.6.9.3.7}{\376\377\0006\000.\0009\000.\0003\000.\0007\000\040\000l\000e\000d\0005}{subsection.6.9.3}% 95
\BOOKMARK [3][-]{subsubsection.6.9.3.8}{\376\377\0006\000.\0009\000.\0003\000.\0008\000\040\000l\000e\000d\0006}{subsection.6.9.3}% 96
\BOOKMARK [0][-]{section*.50}{\376\377\004\037\004\100\004\065\004\064\004\074\004\065\004\102\004\075\004\113\004\071\000\040\004\103\004\072\004\060\004\067\004\060\004\102\004\065\004\073\004\114}{}% 97
